// Jest Snapshot v1, https://goo.gl/fbAQLP

exports[`[GM] handleMoveRequest  should reject request when direction is invalid 1`] = `"Invalid direction."`;
