// Jest Snapshot v1, https://goo.gl/fbAQLP

exports[`Point toString should match snapshot 1`] = `"(1, 2)"`;
