// Jest Snapshot v1, https://goo.gl/fbAQLP

exports[`getFormattedDate should match snapshot 1`] = `"2018-05-06-15-11-50"`;
